DS:004B ABSORBED_   DS:000E ADD_        CS:00C5 ADD_OP_     DS:0050 ADJUSTED_
CS:00F2 ALLOCATE_   CS:21B8 ALLOC_BUFFER_                   DS:000F AND_
CS:00C6 AND_OP_     CS:00F3 APPEND_     DS:005A ARGUMENTS_  DS:001C AX_
CS:00C7 BAD_REF_    DS:000A BYTE_       DS:001A CALL_       CS:00C8 CALL_OP_
CS:00F9 CHAIN_      CS:256F CI_         CS:00C9 CLD_        DS:0065 CLD_SET_
DS:0056 CLEANED_    CS:00CA CLEAN_RET_  DS:0006 CLEAN_STACK_
CS:1DFB CLOSE_      DS:0016 CMP_        DS:0028 CMP_ATT_    DS:0029 CMP_LEN_
CS:00CB CMP_OP_     DS:0042 CMP_REG_    DS:0027 CMP_VAL_    DS:0022 CODE_BFR_
DS:004C COMBINED_   DS:0057 CONFLICT_   CS:00F4 CONVERT_    CS:1AD5 CREAT_
DS:0023 CS_PUB_BFR_ DS:0018 CWD_        CS:00CC CWD_OP_     DS:0024 DATA_BFR_
DS:0048 DEADCODE_   DS:0015 DEC_        CS:00CD DEC_OP_     DS:005E DEFFLGS_
DS:004A DELETED_    CS:00CE DIV_OP_     DS:0039 DLEN1_      DS:0034 DOP1_
DS:0036 DORIG1_     DS:0061 DOS_BASE_   DS:0060 DOS_SIZE_   DS:005C DPNDFLGS_
DS:0040 DREG1_      DS:0020 DST_FILE_   DS:001D DX_         CS:00EC EMIT_
DS:003B ERR_CODE_   CS:011A EXEC_       CS:24FF EXIT_       DS:0003 EXIT_CODE_
CS:00CF FALSE_      CS:18CC FCLOSE_     CS:2144 FFLUSH_     CS:1968 FGETC_
CS:1F28 FGETS_      CS:00D0 FILD_       CS:00F5 FIND_       CS:00F0 FIND_FREE_
CS:00ED FIND_NEXT_  CS:00F1 FIND_VAL_   CS:00D4 FISTP_      CS:00D1 FLD_
DS:0063 FLG_REG_    DS:0062 FLG_STS_    DS:0059 FOLDED_     CS:17DD FOPEN_
CS:1975 FPUTC_      CS:1F89 FPUTS_      CS:18D9 FREAD_      CS:1938 FSEEK_
CS:00D3 FSTP_       CS:00D5 FSTSW_      CS:00D2 FST_        CS:1913 FWRITE_
CS:1E5F GETC_       CS:1FCC GETS_       CS:1EC2 GETW_       CS:10CC GET_ENV_STR_
CS:00EE GET_NEXT_   DS:001E ID_         CS:00D6 IMUL_       DS:0014 INC_
CS:00D7 INC_OP_     CS:1A68 INDEX_      DS:0021 INP_BFR_    DS:004F INSERTED_
CS:00F7 INSERT_STRING_                  CS:22A5 ISALNUM_    CS:225C ISALPHA_
CS:22DD ISPRINT_    CS:2290 ISSPACE_    CS:2276 ISUPPER_    DS:003F JMP_REG_
CS:00D8 JUMP_       CS:00F8 LEADING_    DS:000D LEA_        CS:00D9 LEA_OP_
CS:00DA LES_        CS:00EA LL_FREE_    CS:00EB LL_SEARCH_  CS:2068 LSEEK_
CS:0209 MAIN_       CS:00F9 MAKE_FILENAME_                  CS:00FA MAKE_STRING_
DS:0047 MEMORY_     CS:00DC MOVS_OP_    DS:000C MOV_        CS:00DB MOV_OP_
CS:00DD MUL_OP_     DS:0055 NEW_JMP_DST_                    DS:0005 NULL_
DS:0004 O88_LABELS_ DS:0009 OFFSET_     DS:0008 ONE_        DS:002C OPC188_
DS:0033 OPC1_       DS:003E OPC1_ATTB_  DS:002B OPC87_      DS:002A OPC88_
CS:1B38 OPEN_       DS:0044 OPTION_     DS:0010 OR_         CS:00DF POP_
DS:0054 POSTPONED_  DS:0052 PREFETCH_   DS:0053 PRESERVED_  DS:001B PUSH_
CS:00E0 PUSH_OP_    CS:2543 PUTCHAR_    CS:1EEA PUTC_       CS:2558 PUTS_
CS:1EFF PUTW_       CS:1BC2 READ_       DS:0045 REDUCED_    DS:0049 REDUNDANT_
DS:005F REFFLGS_    DS:005D REGFLGS_    DS:002D REG_        CS:00EF REG_NEEDED_
CS:2058 RENAME_     DS:004D REPLACED_   CS:00E1 REP_OP_     DS:0019 RET_
CS:194E REWIND_     CS:1A4F RINDEX_     CS:00E2 SAHF_       DS:003D SATTB1_
CS:00E3 SHIFT_      DS:0017 SHL_        DS:004E SIMPLIFIED_ CS:00FB SKIP_PREFIX_
DS:003A SLEN1_      DS:0046 SMALLER_    DS:0035 SOP1_       DS:0037 SORIG1_
DS:001F SRC_FILE_   DS:0041 SREG1_      DS:0064 STATES_     DS:0043 STATS_
DS:002E STMT1_      DS:002F STMT2_      DS:0030 STMT3_      DS:0031 STMT4_
DS:0032 STMT5_      CS:00E4 STOS_OP_    CS:1AB0 STRCAT_     CS:1A27 STRCMP_
CS:1A8E STRCPY_     CS:1A0E STRLEN_     CS:1AA7 STRNCAT_    CS:1A83 STRNCPY_
DS:0051 SUBSTITUTE_ DS:0012 SUB_        CS:00E5 SUB_OP_     DS:0026 SWITCH_STMT_
DS:0038 TABLE_      DS:0025 TEMP_BFR_   DS:0013 TEST_       CS:00E6 TEST_OP_
CS:00E7 TRUE_       DS:0058 UNDEFINED_  CS:1F14 UNGETC_     DS:000B WORD_
CS:00FC WORD_TO_BYTE_                   DS:005B WREGS_      CS:1CF4 WRITE_
CS:00E8 XCHG_OP_    DS:0011 XOR_        CS:00E9 XOR_OP_     DS:0007 ZERO_
DS:0253 _CARRYF_    DS:02E7 _CC_        CS:23E0 _CLOSE_     CS:2240 _CMP4
CS:2351 _CREAT_     CS:2431 _CSETUP     CS:198C _DOINT_     DS:0265 _FILES_
CS:1FE4 _GETS_      CS:2320 _LSEEK_     CS:23FC _MOVE_      DS:02E4 _MSDOS2_
DS:028D _OLDFILE_   CS:2364 _OPEN_      CS:25BE _OS_        DS:02E0 _PCB_
DS:0255 _RAX_       DS:0257 _RBX_       DS:0259 _RCX_       DS:025F _RDI_
DS:0263 _RDS_       DS:025B _RDX_       CS:2378 _READ_      CS:2305 _RENAME_
DS:0261 _RES_       DS:025D _RSI_       DS:028F _UNGOTTEN_  CS:233D _UNLINK_
CS:238F _WRITE_     DS:0254 _ZEROF_
code=25CDH  data=1ABFH  stack and locals=1000H
