DS:004A ABSORBED_   CS:27BD ABSORB_CONSTANT_                DS:000D ADD_
CS:93AA ADD_DISP_   CS:D54C ADD_OP_     CS:422E ADD_PT1_    CS:6BB6 ADD_PT2_
DS:004F ADJUSTED_   CS:292B ADJUST_OFFSETS_                 CS:BAC5 ALLOCATE_
DS:000E AND_        CS:398C AND_OP_     CS:B9CA APPEND_     DS:0059 ARGUMENTS_
CS:9152 ASMBL_IMULI_                    CS:9617 ASMBL_PUSH_ CS:9532 ASMBL_SHIFT_
CS:8EE3 ASSEMBLE_   CS:23E7 AVOID_STACK_                    DS:001B AX_
CS:059B BAD_REF_    DS:0009 BYTE_       DS:0019 CALL_       CS:D75C CALL_OP_
CS:1C23 CALL_REPLACE_                   CS:8805 CHOOSE_     CS:E542 CI_
CS:0CD8 CLASSIFY_   CS:462D CLD_        DS:0064 CLD_SET_    DS:0055 CLEANED_
CS:D154 CLEAN_CALL_ CS:D2FA CLEAN_FREE_ CS:D10C CLEAN_FUNCTION_
CS:D2B5 CLEAN_RET_  CS:CFE9 CLEAN_SETUP_                    DS:0005 CLEAN_STACK_
CS:BA35 CLOSE_FILE_ CS:CCB4 CLOSE_INPUT_                    CS:CCE3 CLOSE_OUTPUT_
CS:7C9B CL_IS_USABLE_                   DS:0015 CMP_        DS:0027 CMP_ATT_
DS:0028 CMP_LEN_    CS:37C4 CMP_OP_     DS:0041 CMP_REG_    DS:0026 CMP_VAL_
DS:0021 CODE_BFR_   CS:7B08 COLLAPSE_   DS:004B COMBINED_   CS:1D94 COMBINE_
DS:0056 CONFLICT_   CS:4D18 CONTAINS_   CS:B9A7 CONVERT_    CS:CEED COPY_BUFFER_
CS:7CE4 COPY_PREFIX_                    DS:0022 CS_PUB_BFR_ DS:0017 CWD_
CS:A213 CWD_87_     CS:D7D5 CWD_OP_     DS:0023 DATA_BFR_   DS:003B DATTB1_
DS:0047 DEADCODE_   CS:B5E4 DEAD_CODE_  DS:0014 DEC_        CS:DB38 DEC_OP_
DS:005D DEFFLGS_    DS:0049 DELETED_    CS:B8D1 DELETE_FILE_
CS:2FE4 DEPENDENCIES_                   CS:9415 DISP_       CS:74D1 DIVIDE_
CS:DBA8 DIV_OP_     DS:0038 DLEN1_      DS:0033 DOP1_       DS:0035 DORIG1_
DS:0060 DOS_BASE_   CS:BA4D DOS_MEMORY_ DS:005F DOS_SIZE_   CS:B889 DOS_VERSION_
DS:005B DPNDFLGS_   DS:003F DREG1_      DS:001F DST_FILE_   DS:001C DX_
CS:8775 ELIMINATE_  CS:0885 EMIT_       CS:B71D ENTER_LABEL_
CS:B933 EQUALN_     CS:B93C EQUAL_      CS:B7ED ERRC_       CS:1237 ERROR_MSG_
CS:B81D ERRS_       DS:003A ERR_CODE_   CS:E4D2 EXIT_       DS:0002 EXIT_CODE_
CS:5E0F EXPAND_     CS:B9C7 FALSE_      CS:9F3C FILD_       CS:B8E2 FIND_
CS:81C2 FIND_FREE_  CS:2066 FIND_LEVEL0_                    CS:2055 FIND_NEXT_
CS:345D FIND_VAL_   CS:AB11 FISTP_      CS:2F87 FIX_REG_SET_
CS:34FD FLAGS_NEEDED_                   CS:9CCC FLD_        DS:0062 FLG_REG_
DS:0061 FLG_STS_    CS:CD12 FLUSH_BUFFER_                   DS:0058 FOLDED_
CS:C610 FOLD_CONSTANTS_                 CS:B894 FOUND_      CS:E1A7 FREEALL_
CS:E264 FREE_       CS:2E73 FREE_REGISTERS_                 CS:9983 FSTP_
CS:A081 FSTSW_      CS:9A7E FST_        CS:1431 GET_ARGS_   CS:20E9 GET_ENV_STR_
CS:193A GET_LEVEL0_ CS:18D8 GET_LEVEL1_ CS:1897 GET_LEVEL2_ CS:CD5F GET_LINE_
CS:1813 GET_NEXT_   DS:001D ID_         CS:E0A8 IMM_OP_     CS:2C51 IMUL_
DS:0013 INC_        CS:DAC8 INC_OP_     CS:E18C INDEX_      CS:CB67 INIT_BUFFER_
CS:BA8F INIT_HEAP_  DS:0020 INP_BFR_    DS:004E INSERTED_   CS:4930 INSERT_STRING_
CS:2482 INVALIDATES_                    DS:003E JMP_REG_    CS:ACB6 JUMP_
CS:C1E9 JUMP_CHAINS_                    CS:B480 LABELS_     CS:B9E6 LEADING_
DS:000C LEA_        CS:A8E5 LEA_87_     CS:D580 LEA_OP_     CS:2AA1 LEA_PT1_
CS:7093 LEA_PT2_    CS:4679 LES_        CS:D33C LL_FREE_    CS:D386 LL_SEARCH_
CS:3151 LOAD_REG_   CS:7910 LOG_BASE2_  CS:0003 MAIN_       CS:0532 MAKE_ENTRY_
CS:159B MAKE_FILENAME_                  CS:1A54 MAKE_PARTS_ CS:0974 MAKE_STRING_
CS:E1D9 MALLOC_     DS:0046 MEMORY_     CS:9272 MEM_FIELD_  CS:B411 MERGE_
CS:92B3 MODE_FIELD_ CS:2D64 MODIFIED_   CS:DF3F MOVS_OP_    DS:000B MOV_
CS:8A30 MOV_188_    CS:A313 MOV_87_     CS:D3FA MOV_OP_     CS:35CC MOV_PT1_
CS:4D67 MOV_PT2_    CS:5A3F MULTIPLY_   CS:5962 MUL_OP_     CS:BA9E MY_FREE_
CS:98ED NDP_INIT_   CS:97AB NDP_REPLACE_                    CS:782D NEED_REMAINDER_
DS:0054 NEW_JMP_DST_                    CS:B7BB NO_INPUT_FILE_
DS:0004 NULL_       DS:0003 O88_LABELS_ DS:0008 OFFSET_     DS:0007 ONE_
DS:002B OPC188_     DS:0032 OPC1_       DS:003D OPC1_ATTB_  DS:002A OPC87_
DS:0029 OPC88_      CS:BA1D OPEN_FILE_  CS:CC4A OPEN_INPUT_ CS:CC7F OPEN_OUTPUT_
DS:0043 OPTION_     CS:16EE OPTION_ERR_ DS:000F OR_         CS:3D98 OR_OP_
CS:129A OUTPUT_     CS:4DB5 PAIRS_      CS:09A9 PARSE_      CS:0690 PER_CENT_
CS:73A9 POP_        DS:0053 POSTPONED_  CS:1F51 POSTPONE_   CS:2324 PP_LOAD_
DS:0051 PREFETCH_   DS:0052 PRESERVED_  CS:7D1C PRESERVE_   CS:15DB PROCESS_ARGS_
CS:1EE7 PROCESS_CMD_LINE_               CS:1672 PROCESS_OPTIONS_
DS:001A PUSH_       CS:2393 PUSH_MEM_   CS:8D24 PUSH_OP_    CS:25BB PUSH_POP_
CS:21C4 PUSH_REG_   CS:E516 PUTCHAR_    CS:E52B PUTS_       CS:CE3F PUT_LINE_
CS:CE59 PUT_STR_    CS:67B5 QUADS_      CS:75D7 QUOTIENT_   CS:B84E READ_FILE_
CS:E277 REALLOC_    CS:5B92 RECODE_     CS:0F3C REDEFINES_  DS:0044 REDUCED_
DS:0048 REDUNDANT_  CS:1043 REFERENCES_ DS:005E REFFLGS_    DS:005C REGFLGS_
DS:002C REG_        CS:9259 REG_FIELD_  CS:4B3C REG_NEEDED_ CS:B672 RELEASE_REGS_
CS:7726 REMAINDER_  CS:B31F REMEMBER_DEF_                   CS:B20C REMEMBER_DEL_
CS:B23C REMEMBER_REF_                   CS:B6C2 REMOVE_ENTRY_
CS:B8AD RENAME_FILE_                    DS:004C REPLACED_   CS:89E7 REPLACE_
CS:06D9 REPORT_     CS:DD81 REP_OP_     CS:8727 RESTRICT_   DS:0018 RET_
CS:CBBB REUSE_BUFFER_                   CS:CC22 REVERSE_BUFFER_
CS:CBFD REWIND_BUFFER_                  CS:E173 RINDEX_     CS:7ADA ROTATE8_
CS:A0E5 SAHF_       CS:B794 SAME_LABEL_ CS:7A1E SAR8_       DS:003C SATTB1_
CS:D9F4 SEG_OFF_    CS:7998 SHIFT8_     CS:D66D SHIFT_      CS:8DF0 SHIFT_188_
CS:7A95 SHL8_       DS:0016 SHL_        CS:7946 SHL_OP_     CS:080F SHOW_OPTIONS_
CS:7A50 SHR8_       CS:4A6F SIGNED_     DS:004D SIMPLIFIED_ CS:3064 SIMPLIFY_
CS:11F2 SKIP_PREFIX_                    DS:0039 SLEN1_      DS:0045 SMALLER_
DS:0034 SOP1_       DS:0036 SORIG1_     CS:BAF2 SQUEEZE_    DS:001E SRC_FILE_
DS:0040 SREG1_      DS:0063 STATES_     DS:0042 STATS_      DS:002D STMT1_
DS:002E STMT2_      DS:002F STMT3_      DS:0030 STMT4_      DS:0031 STMT5_
CS:DFDC STOS_OP_    CS:E2E7 STRCAT_     CS:E2C5 STRCPY_     CS:E163 STRLEN_
DS:0050 SUBSTITUTE_ DS:0011 SUB_        CS:D566 SUB_OP_     CS:4381 SUB_PT1_
CS:6FC0 SUB_PT2_    CS:312B SWAP_       DS:0025 SWITCH_STMT_
DS:0037 TABLE_      DS:0024 TEMP_BFR_   DS:0012 TEST_       CS:44D7 TEST_OP_
CS:B9FA TRAILING_   CS:5EAA TRIPLES_    CS:B9C3 TRUE_       DS:0057 UNDEFINED_
CS:085F UNDEFINED_REG_                  CS:D835 UNNECESSARY_
CS:2CE6 UPDATES_    CS:4ABA UPDATE_FLG_REG_                 CS:6F6E USABLE_
CS:176C USAGE_      CS:171E USAGE_LINE_ CS:5C28 USEFUL_     CS:B95B VALUE_
DS:000A WORD_       CS:4653 WORD_TO_BYTE_                   DS:005A WREGS_
CS:B86D WRITE_FILE_ CS:DC81 XCHG_OP_    DS:0010 XOR_        CS:A10A XOR_87_
CS:D5F5 XOR_OP_     CS:3FFB XOR_PT1_    DS:0006 ZERO_       CS:9BEC ZERO_ONE_
DS:0001 _CC_        CS:E404 _CSETUP     CS:E318 _DIV4       CS:E2BA _LMOVE_
CS:E570 _MEMORY_    CS:E30C _MOD4       CS:E3CF _MOVE_      DS:14A1 _MSDOS2_
CS:E3B0 _MUL4       CS:E591 _OS_        DS:149D _PCB_       CS:E163 _PEEK_
CS:E163 _POKE_      CS:E13A _SWITCH
code=E5A0H  data=1A8CH  stack and locals=E574H
